COMMAND: ["/opt/hostedtoolcache/Python/3.13.15/x64/bin/python", "-m", "pip", "freeze"]
EXIT CODE: 0
STDOUT:
anyio==4.15.1
anywidget==0.9.18
asttokens==3.0.2
click==8.5.0
comm==0.2.3
docutils==0.23
executing==2.2.1
h11==0.16.0
idna==3.20
ipython==9.17.1
ipython_pygments_lexers==1.1.1
ipywidgets==8.1.9
itsdangerous==2.2.0
jedi==0.19.2
jupyterlab_widgets==3.0.17
loro==1.16.2
marimo==0.25.1
Markdown==3.11
matplotlib-inline==0.2.2
msgspec==0.22.0
narwhals==2.26.0
numpy==2.4.6
packaging==26.3
parso==0.8.7
pexpect==4.9.0
pillow==12.3.0
prompt_toolkit==3.0.53
psutil==7.2.2
psygnal==0.16.1
ptyprocess==0.7.0
pure_eval==0.2.4
Pygments==2.21.0
pymdown-extensions==11.0.2
python-multipart==0.0.32
PyYAML==6.0.3
pyzmq==27.2.0
rdkit==2026.3.6
stack-data==0.6.3
starlette==1.7.0
tomlkit==0.15.1
traitlets==5.14.3
typing_extensions==4.16.0
uvicorn==0.54.0
wcwidth==0.9.1
websockets==16.1.1
widgetsnbextension==4.0.16

STDERR:
